[0m[32mÚÄÄ[1mÄÄ[0;32mÄ[1mÄÄ[0;32mÄÄÄ[1mÄÄÄÄÄÄÄÄÄÄÄÄÄÄÄÄÄÄÄÄÄ[0;32mÄÄÄ[1mÄÄÄ[0;32mÄÄÄ[1mÄ[0;32mÄÄ[1mÄ[0;32mÄÄÄ[1mÄÄÄÄ[0;32mÄ[1mÄÄÄÄÄÄÄÄÄÄÄÄÄÄÄÄ[0;32mÄÄ[1mÄÄÄ[0;32mÄ[1mÄÄÄ[0;32mÄ¿³[1;36;45m [37mTO[35m:[37m                              FROM[35m:[37m                                       [0;32m³³[1;36;45m [37mSUBJECT[35m:[37m                                                        TL[35m:[37m [34m         [0;32m³ÃÄ[1mÄ[0;32mÄÄ[1mÄÄÄÄÄ[0;32mÄ[1mÄÄ[0;32mÄ[1mÄÄÄÄÄÄÄÄÄÄÄÄÄ[0;32mÄÄÄÄÄ[1mÄ[0;32mÄ[1mÄÄÄÄÄÄ[0;32mÄ[1mÄÄ[0;32mÄÄ[1mÄÄÄÄÄÄÄÄ[0;32mÄÄ[1mÄÄÄ[0;32mÄ[1mÄÄÄÄÄÄÄÄÄ[0;32mÝ[37mN[1mode[0;34m:[1;30m°°°[0;32mÞÄ´[37m


















[32mÀ[1mÄÄÄÄÄÄÄÄÄÄÄ[0;32mÄÄ[1mÄÄÄÄ[0;32mÄÄ[1mÄÄÄ[0;32mÄÄÄÄÄ[1mÄ[0;32mÄÄÄÄÄÄ[1mÄÄÄÄÄ[0;32mÄÄÄ[1mÄÄÄÄÄ[0;32mÄÄ[1mÄÄÄ[0;32mÄÄÄÄÄ[1mÄÄÄ[0;32mÄ[1mÄ[0;32mÝ[1;33mCTRL[36m [35m([0mZ[1;35m)[33mMenu[0;32mÞÄ[1mÄ[0;32m
